
 ibm16

 Start     Length     Name                   Class
 0001:0000 0001AH     DEVHEADERSEG           DATA
 0001:001A 02174H     _DATA                  DATA
 0001:218E 00000H     CONST                  CONST
 0001:218E 00DB6H     _BSS                   BSS
 0001:2F50 00094H     c_common               BSS
 0001:2FE4 00000H     IDATA                  IDATA
 0002:0000 031B9H     _TEXT                  CODE

 Origin   Group
 0002:0   CGROUP
 0001:0   DGROUP

  Address         Publics by Name

 0002:23A1       adapter_check
 0001:0D8E       adap_int
 0002:2324       all_done
 0002:1F70       AutoSensePort
 0002:23EE       command_status
 0001:0DA6       conbuf
 0001:0DCC       conval
 0000:0000  Imp  DOSCLOSE             (DOSCALLS.59)
 0000:0000  Imp  DOSDEVIOCTL          (DOSCALLS.53)
 0000:0000  Imp  DOSGETINFOSEG        (DOSCALLS.8)
 0000:0000  Imp  DOSOPEN              (DOSCALLS.70)
 0000:0000  Imp  DOSWRITE             (DOSCALLS.138)
 0002:1FB0       FlowControl
 0001:0D8B       forkstate
 0002:034C       INDICATIONSOFF
 0002:0363       INDICATIONSON
 0002:22FC       internal_check
 0002:238F       int_exit
 0001:0DA8       irqarm
 0002:230A       is_sif
 0001:0DC5       new_con
 0001:0DC4       old_con
 0001:0DC6       old_vec
 0002:23EE       receive_status
 0002:23EE       ring_status
 0001:0DCA       savds
 0001:0DB4       shrmem
 0001:0DA0       sifadr
 0001:0D9C       sifdata
 0001:0D9E       sifdatai
 0001:0DA2       sifint
 0001:0DA4       sifinth
 0002:0000       Strategy
 0002:0332       SYSTEMREQUEST
 0002:23EE       transmit_status
 0002:09C2       _adapterCheck
 0001:0CEA       _AdapterDescr
 0002:0C8A       _adapterEnable
 0002:0C86       _adapterInUse
 0001:0CFA       _AdapterTypeKW
 0002:2F32       _adap_init
 0002:0808       _addMulticastAddress
 0002:25BD       _aform
 0001:2F56       _aip
 0002:0D24       _allocBuff
 0002:0217       _allocGDTSelectors
 0002:0272       _allocPhys
 0001:0CF2       _altDrvrDevName
 0001:2FBC       _ARB_Offset
 0001:2FDE       _ASB_Offset
 0001:0D0C       _badParmTypeErr
 0001:0DCE       _baseDgroup
 0002:2F2A       _bringup
 0002:0CDE       _buffInit
 0001:02AC       _buffs
 0002:1138       _callPM
 0002:1494       _checkConfig
 0002:0958       _checkIndPending
 0002:08AA       _clearStatistics
 0001:040E       _ClientCopyright
 0002:076A       _closeAdapter
 0001:0022       _CodeEndOffset
 0001:0410       _codeFix
 0001:0024       _DataEndOffset
 0001:0434       _dataFixPostInit
 0001:0420       _dataFixPreInit
 0001:0CFE       _DataRtKW
 0001:2F60       _Data_Rate
 0001:0CF4       _debugKW
 0001:086E       _DEF_IOBASE
 0002:0894       _deleteMulticastAddress
 0002:0D96       _dequeueHead
 0001:001A       _DevHdr
 0001:001E       _DevHlp
 0002:25D4       _disable_int
 0002:219F       _dis_sif
 0002:2413       _dma_int
 0001:0CEE       _driverNameKW
 0001:0870       _driverParms
 0001:0D06       _drvNotFndErr
 0001:0CF0       _drvrDevName
 0001:207A       _dsr
 0002:25DB       _enable_int
 0002:0D64       _enqueueTail
 0002:12CA       _environmentInit
 0002:2060       _en_sif
 0002:0261       _eoi
 0001:0D02       _errorPrefix
 0002:2994       _executor
 0002:26AB       _FillDHB
 0002:1248       _findKey
 0002:2694       _Fixed_Wait
 0002:0D44       _freeBuff
 0002:0293       _freePhys
 0002:1A5C       _fStrcmpi
 0002:1A06       _fStrcpy
 0002:1B8A       _fStrlen
 0002:1ADE       _fStrncmpi
 0002:1A2C       _fStrncpy
 0001:1042       _ftpl
 0001:2FA6       _gdtAllocArray
 0001:0DAA       _GDTSelector
 0002:07C6       _generalRequestConfirm
 0002:04C4       _generalRequests
 0001:0D00       _genFailure
 0002:05D4       _GenIoctl
 0002:3126       _GetASB_ReturnCode
 0002:132E       _getBIA
 0002:2581       _getDgroupPhy
 0002:1190       _getPMI
 0002:129A       _getString
 0002:16C6       _Get_MiscAT
 0002:2F26       _get_tx_request
 0001:0D22       _giErrs
 0001:0DD4       _gilog
 0001:0ED4       _gilogcnt
 0001:2070       _giop
 0001:029E       _GIstatus
 0001:02A0       _GIsubcode
 0002:30FC       _gi_abortall
 0002:2D1C       _gi_bringup
 0002:2E20       _gi_close
 0002:2EB8       _gi_counters
 0002:298E       _gi_exit
 0002:2D40       _gi_init
 0001:0D8C       _gi_nullints
 0002:2DEE       _gi_open
 0001:0D7A       _gi_scb
 0002:2E42       _gi_setFunc
 0002:2EA6       _gi_setGroup
 0002:2EA8       _gi_shutdown
 0001:0D80       _gi_ssb
 0002:2DCA       _gi_startup
 0001:0ED8       _gi_state
 0001:0EDE       _gi_status
 0002:2EBA       _gi_transmit
 0001:2FBA       _globaltxBuff
 0001:0ED6       _GlobalXmitFrameLength
 0001:029C       _gReqCompFlag
 0002:05E4       _gReqComplete
 0001:026C       _gReqFuncTab
 0002:1324       _hwConfig
 0001:0D10       _hwFatalErr
 0001:0D0E       _hwInitErr
 0002:15E6       _hwPostConfig
 0002:05D8       _hwXmit
 0001:2FB4       _HW_Mchan
 0002:0C54       _indicationsComplete
 0001:217E       _initAddr
 0002:07CC       _initiateDiagnostics
 0001:2FB2       _InitMMIOAddr
 0001:2FAC       _InitRAMAddr
 0001:0EDA       _Init_Flag
 0002:2509       _inp
 0002:24F8       _inpw
 0001:08B8       _IntArray
 0001:0CF6       _interruptKW
 0002:08C6       _interruptProtocol
 0002:2722       _IntHandler
 0001:084C       _ints_available
 0001:2F5E       _IntType
 0001:2FB8       _IRQEnableReg
 0001:028A       _keptStats
 0001:204A       _LastTxBuf
 0002:017B       _LockMem
 0002:254E       _lohi
 0002:253C       _lsw
 0001:1046       _max_pending
 0001:0030       _MCBuff
 0001:0174       _MCC
 0002:1EAE       _mChanInit
 0002:2641       _memcpy
 0001:2FE0       _MMIOAddress
 0001:0074       _MSC
 0001:0110       _MSS
 0001:00D4       _MSS802
 0002:2545       _msw
 0001:01B4       _MUD
 0001:01D0       _ndisGen
 0002:0F3C       _ndisInit
 0001:0D08       _notOpenPmErr
 0001:0FAE       _op
 0001:02DC       _openAdap16
 0001:02D4       _openAdap4
 0001:02E4       _openAdapTAP
 0002:0674       _openAdapter
 0002:10D0       _openDriver
 0002:110A       _openPM
 0002:3092       _open_adap
 0002:0E1A       _OSinit
 0002:2529       _outp
 0002:2515       _outpw
 0002:0DC0       _panic
 0001:0D12       _parmDmaErr
 0001:0D14       _parmIoErr
 0001:0D16       _parmIrqErr
 0001:0D18       _parmIrqErr2
 0001:0D1C       _parmNodeAddrErr1
 0001:0D1E       _parmNodeAddrErr2
 0001:0D20       _parmNodeAddrErr3
 0001:0D1A       _parmSegErr
 0002:24EC       _peekb
 0002:0151       _physToGDT
 0002:01BF       _physToUVirt
 0001:2FB6       _PIOBase
 0001:2FBE       _pldDsptchTble
 0001:08C0       _posInfo
 0001:2FAE       _PosReg2
 0001:2FAF       _PosReg3
 0001:2FB0       _PosReg4
 0002:1BA8       _printData
 0002:1C84       _printf
 0002:11B6       _processParms
 0002:0054       _procType
 0001:2F62       _protCC
 0001:0CEC       _protMgrName
 0002:1B36       _putChar
 0002:1FF5       _Putchar
 0001:2FA2       _RAMAddress
 0001:0CFC       _RAMAddrKW
 0002:07D0       _readErrorLog
 0001:2180       _realTimeTicks
 0002:0A14       _receivePacket
 0001:02A4       _receivePending
 0002:07C8       _receiveRelease
 0002:1168       _registerModule
 0001:0D0A       _regModRejectErr
 0002:07E8       _resetMAC
 0002:0972       _ringStatus
 0001:204E       _rpl
 0002:22A7       _scb_lrequest
 0002:2273       _scb_request
 0001:0DD2       _SCFeatures
 0002:18BA       _setDataRate
 0002:18B6       _setDebug
 0002:0DFE       _setFailure
 0002:04FA       _setFourGbGDT
 0002:08CA       _setFuncAddress
 0002:177C       _setIObase
 0002:0235       _setIrq
 0002:1806       _setIrqLine
 0002:0954       _setLookahead
 0002:07EC       _setPacketFilter
 0002:18EC       _setPosReg2
 0002:193E       _setPosReg3
 0002:1976       _setPosReg4
 0002:1868       _setShare
 0002:15B4       _setSharedRAM
 0002:0794       _setStationAddress
 0002:1410       _setupOpenParms
 0002:22D8       _sif_int
 0001:02A8       _siPendingOpcode
 0001:02AA       _siPendingParam
 0002:0D1C       _sizeBuffsStruc
 0002:0D20       _sizeBufStruct
 0001:02D0       _SRB_Offset
 0002:30FE       _srb_request
 0001:0FAC       _ssb_end
 0001:0FA8       _ssb_head
 0001:2F54       _SSB_Offset
 0001:0EE0       _ssb_ring
 0001:0FAA       _ssb_tail
 0001:0DB8       _SSflag
 0002:31B8       _startInitCode
 0001:2FE4       _startInitData
 0001:02A6       _statusIndPending
 0002:298C       _stopit
 0002:19DE       _strchr
 0001:0788       _strDatarates
 0001:07B6       _strDHB16
 0001:07AE       _strDHB4
 0001:0790       _strETR
 0001:07A6       _strRAMPage
 0001:0798       _strSRAM
 0001:0768       _strType
 0002:2565       _swapl
 0002:2571       _swaplb
 0002:255A       _swaps
 0002:21FE       _sysconfig
 0002:0554       _systemRequest
 0002:2249       _systype
 0001:02A2       _TAPFlag
 0001:104A       _tbuf
 0001:204C       _tbufselector
 0002:21FA       _ticks
 0001:0D04       _tooManyErr
 0001:0FEC       _tpl
 0001:1040       _tplp
 0002:0AEA       _transferData
 0002:037F       _transmitChain
 0001:1044       _transmits_pending
 0001:0EDC       _transmit_request
 0002:0478       _txComplete
 0001:1048       _txError
 0001:2F50       _txgdts
 0002:1B72       _ucase
 0002:019E       _UnlockMem
 0002:024E       _unSetIrq
 0002:08A6       _updateStatistics
 0001:0CF8       _versionMsg
 0002:01E8       _virtToPhys
 0002:0632       _waitForGreqComplete
 0002:25A9       _xform
 0001:002E       __acrtused
 0002:00A0       __bcopy
 0002:00E3       __bcopy32
 0002:02A7       __brk
 0002:007F       __bzero
 0002:24E7       __chkstk
 0002:2539       __csreg
 0001:0000       __DevHdr
 0002:02B5       __disableI
 0002:317D       __disableTicker
 0002:2536       __dsreg
 0002:02B3       __enableI
 0002:313D       __enableTicker
 0002:0318       __GENERALREQUESTS
 0002:3194       __getTime
 0002:31AD       __initTime
 0002:260E       __memset
 0002:25DD       __movedata
 0002:02FE       __RECEIVERELEASE
 0002:004E       __startInitData
 0002:3136       __ticker
 0002:02E4       __TRANSFERDATA
 0002:02CA       __TRANSMITCHAIN
 0002:012F       __wsBcopy
 0002:02B9       __xchg

  Address         Publics by Value

 0000:0000  Imp  DOSDEVIOCTL          (DOSCALLS.53)
 0000:0000  Imp  DOSOPEN              (DOSCALLS.70)
 0000:0000  Imp  DOSCLOSE             (DOSCALLS.59)
 0000:0000  Imp  DOSWRITE             (DOSCALLS.138)
 0000:0000  Imp  DOSGETINFOSEG        (DOSCALLS.8)
 0001:0000       __DevHdr
 0001:001A       _DevHdr
 0001:001E       _DevHlp
 0001:0022       _CodeEndOffset
 0001:0024       _DataEndOffset
 0001:002E       __acrtused
 0001:0030       _MCBuff
 0001:0074       _MSC
 0001:00D4       _MSS802
 0001:0110       _MSS
 0001:0174       _MCC
 0001:01B4       _MUD
 0001:01D0       _ndisGen
 0001:026C       _gReqFuncTab
 0001:028A       _keptStats
 0001:029C       _gReqCompFlag
 0001:029E       _GIstatus
 0001:02A0       _GIsubcode
 0001:02A2       _TAPFlag
 0001:02A4       _receivePending
 0001:02A6       _statusIndPending
 0001:02A8       _siPendingOpcode
 0001:02AA       _siPendingParam
 0001:02AC       _buffs
 0001:02D0       _SRB_Offset
 0001:02D4       _openAdap4
 0001:02DC       _openAdap16
 0001:02E4       _openAdapTAP
 0001:040E       _ClientCopyright
 0001:0410       _codeFix
 0001:0420       _dataFixPreInit
 0001:0434       _dataFixPostInit
 0001:0768       _strType
 0001:0788       _strDatarates
 0001:0790       _strETR
 0001:0798       _strSRAM
 0001:07A6       _strRAMPage
 0001:07AE       _strDHB4
 0001:07B6       _strDHB16
 0001:084C       _ints_available
 0001:086E       _DEF_IOBASE
 0001:0870       _driverParms
 0001:08B8       _IntArray
 0001:08C0       _posInfo
 0001:0CEA       _AdapterDescr
 0001:0CEC       _protMgrName
 0001:0CEE       _driverNameKW
 0001:0CF0       _drvrDevName
 0001:0CF2       _altDrvrDevName
 0001:0CF4       _debugKW
 0001:0CF6       _interruptKW
 0001:0CF8       _versionMsg
 0001:0CFA       _AdapterTypeKW
 0001:0CFC       _RAMAddrKW
 0001:0CFE       _DataRtKW
 0001:0D00       _genFailure
 0001:0D02       _errorPrefix
 0001:0D04       _tooManyErr
 0001:0D06       _drvNotFndErr
 0001:0D08       _notOpenPmErr
 0001:0D0A       _regModRejectErr
 0001:0D0C       _badParmTypeErr
 0001:0D0E       _hwInitErr
 0001:0D10       _hwFatalErr
 0001:0D12       _parmDmaErr
 0001:0D14       _parmIoErr
 0001:0D16       _parmIrqErr
 0001:0D18       _parmIrqErr2
 0001:0D1A       _parmSegErr
 0001:0D1C       _parmNodeAddrErr1
 0001:0D1E       _parmNodeAddrErr2
 0001:0D20       _parmNodeAddrErr3
 0001:0D22       _giErrs
 0001:0D7A       _gi_scb
 0001:0D80       _gi_ssb
 0001:0D8B       forkstate
 0001:0D8C       _gi_nullints
 0001:0D8E       adap_int
 0001:0D9C       sifdata
 0001:0D9E       sifdatai
 0001:0DA0       sifadr
 0001:0DA2       sifint
 0001:0DA4       sifinth
 0001:0DA6       conbuf
 0001:0DA8       irqarm
 0001:0DAA       _GDTSelector
 0001:0DB4       shrmem
 0001:0DB8       _SSflag
 0001:0DC4       old_con
 0001:0DC5       new_con
 0001:0DC6       old_vec
 0001:0DCA       savds
 0001:0DCC       conval
 0001:0DCE       _baseDgroup
 0001:0DD2       _SCFeatures
 0001:0DD4       _gilog
 0001:0ED4       _gilogcnt
 0001:0ED6       _GlobalXmitFrameLength
 0001:0ED8       _gi_state
 0001:0EDA       _Init_Flag
 0001:0EDC       _transmit_request
 0001:0EDE       _gi_status
 0001:0EE0       _ssb_ring
 0001:0FA8       _ssb_head
 0001:0FAA       _ssb_tail
 0001:0FAC       _ssb_end
 0001:0FAE       _op
 0001:0FEC       _tpl
 0001:1040       _tplp
 0001:1042       _ftpl
 0001:1044       _transmits_pending
 0001:1046       _max_pending
 0001:1048       _txError
 0001:104A       _tbuf
 0001:204A       _LastTxBuf
 0001:204C       _tbufselector
 0001:204E       _rpl
 0001:2070       _giop
 0001:207A       _dsr
 0001:217E       _initAddr
 0001:2180       _realTimeTicks
 0001:2F50       _txgdts
 0001:2F54       _SSB_Offset
 0001:2F56       _aip
 0001:2F5E       _IntType
 0001:2F60       _Data_Rate
 0001:2F62       _protCC
 0001:2FA2       _RAMAddress
 0001:2FA6       _gdtAllocArray
 0001:2FAC       _InitRAMAddr
 0001:2FAE       _PosReg2
 0001:2FAF       _PosReg3
 0001:2FB0       _PosReg4
 0001:2FB2       _InitMMIOAddr
 0001:2FB4       _HW_Mchan
 0001:2FB6       _PIOBase
 0001:2FB8       _IRQEnableReg
 0001:2FBA       _globaltxBuff
 0001:2FBC       _ARB_Offset
 0001:2FBE       _pldDsptchTble
 0001:2FDE       _ASB_Offset
 0001:2FE0       _MMIOAddress
 0001:2FE4       _startInitData
 0002:0000       Strategy
 0002:004E       __startInitData
 0002:0054       _procType
 0002:007F       __bzero
 0002:00A0       __bcopy
 0002:00E3       __bcopy32
 0002:012F       __wsBcopy
 0002:0151       _physToGDT
 0002:017B       _LockMem
 0002:019E       _UnlockMem
 0002:01BF       _physToUVirt
 0002:01E8       _virtToPhys
 0002:0217       _allocGDTSelectors
 0002:0235       _setIrq
 0002:024E       _unSetIrq
 0002:0261       _eoi
 0002:0272       _allocPhys
 0002:0293       _freePhys
 0002:02A7       __brk
 0002:02B3       __enableI
 0002:02B5       __disableI
 0002:02B9       __xchg
 0002:02CA       __TRANSMITCHAIN
 0002:02E4       __TRANSFERDATA
 0002:02FE       __RECEIVERELEASE
 0002:0318       __GENERALREQUESTS
 0002:0332       SYSTEMREQUEST
 0002:034C       INDICATIONSOFF
 0002:0363       INDICATIONSON
 0002:037F       _transmitChain
 0002:0478       _txComplete
 0002:04C4       _generalRequests
 0002:04FA       _setFourGbGDT
 0002:0554       _systemRequest
 0002:05D4       _GenIoctl
 0002:05D8       _hwXmit
 0002:05E4       _gReqComplete
 0002:0632       _waitForGreqComplete
 0002:0674       _openAdapter
 0002:076A       _closeAdapter
 0002:0794       _setStationAddress
 0002:07C6       _generalRequestConfirm
 0002:07C8       _receiveRelease
 0002:07CC       _initiateDiagnostics
 0002:07D0       _readErrorLog
 0002:07E8       _resetMAC
 0002:07EC       _setPacketFilter
 0002:0808       _addMulticastAddress
 0002:0894       _deleteMulticastAddress
 0002:08A6       _updateStatistics
 0002:08AA       _clearStatistics
 0002:08C6       _interruptProtocol
 0002:08CA       _setFuncAddress
 0002:0954       _setLookahead
 0002:0958       _checkIndPending
 0002:0972       _ringStatus
 0002:09C2       _adapterCheck
 0002:0A14       _receivePacket
 0002:0AEA       _transferData
 0002:0C54       _indicationsComplete
 0002:0C86       _adapterInUse
 0002:0C8A       _adapterEnable
 0002:0CDE       _buffInit
 0002:0D1C       _sizeBuffsStruc
 0002:0D20       _sizeBufStruct
 0002:0D24       _allocBuff
 0002:0D44       _freeBuff
 0002:0D64       _enqueueTail
 0002:0D96       _dequeueHead
 0002:0DC0       _panic
 0002:0DFE       _setFailure
 0002:0E1A       _OSinit
 0002:0F3C       _ndisInit
 0002:10D0       _openDriver
 0002:110A       _openPM
 0002:1138       _callPM
 0002:1168       _registerModule
 0002:1190       _getPMI
 0002:11B6       _processParms
 0002:1248       _findKey
 0002:129A       _getString
 0002:12CA       _environmentInit
 0002:1324       _hwConfig
 0002:132E       _getBIA
 0002:1410       _setupOpenParms
 0002:1494       _checkConfig
 0002:15B4       _setSharedRAM
 0002:15E6       _hwPostConfig
 0002:16C6       _Get_MiscAT
 0002:177C       _setIObase
 0002:1806       _setIrqLine
 0002:1868       _setShare
 0002:18B6       _setDebug
 0002:18BA       _setDataRate
 0002:18EC       _setPosReg2
 0002:193E       _setPosReg3
 0002:1976       _setPosReg4
 0002:19DE       _strchr
 0002:1A06       _fStrcpy
 0002:1A2C       _fStrncpy
 0002:1A5C       _fStrcmpi
 0002:1ADE       _fStrncmpi
 0002:1B36       _putChar
 0002:1B72       _ucase
 0002:1B8A       _fStrlen
 0002:1BA8       _printData
 0002:1C84       _printf
 0002:1EAE       _mChanInit
 0002:1F70       AutoSensePort
 0002:1FB0       FlowControl
 0002:1FF5       _Putchar
 0002:2060       _en_sif
 0002:219F       _dis_sif
 0002:21FA       _ticks
 0002:21FE       _sysconfig
 0002:2249       _systype
 0002:2273       _scb_request
 0002:22A7       _scb_lrequest
 0002:22D8       _sif_int
 0002:22FC       internal_check
 0002:230A       is_sif
 0002:2324       all_done
 0002:238F       int_exit
 0002:23A1       adapter_check
 0002:23EE       command_status
 0002:23EE       transmit_status
 0002:23EE       receive_status
 0002:23EE       ring_status
 0002:2413       _dma_int
 0002:24E7       __chkstk
 0002:24EC       _peekb
 0002:24F8       _inpw
 0002:2509       _inp
 0002:2515       _outpw
 0002:2529       _outp
 0002:2536       __dsreg
 0002:2539       __csreg
 0002:253C       _lsw
 0002:2545       _msw
 0002:254E       _lohi
 0002:255A       _swaps
 0002:2565       _swapl
 0002:2571       _swaplb
 0002:2581       _getDgroupPhy
 0002:25A9       _xform
 0002:25BD       _aform
 0002:25D4       _disable_int
 0002:25DB       _enable_int
 0002:25DD       __movedata
 0002:260E       __memset
 0002:2641       _memcpy
 0002:2694       _Fixed_Wait
 0002:26AB       _FillDHB
 0002:2722       _IntHandler
 0002:298C       _stopit
 0002:298E       _gi_exit
 0002:2994       _executor
 0002:2D1C       _gi_bringup
 0002:2D40       _gi_init
 0002:2DCA       _gi_startup
 0002:2DEE       _gi_open
 0002:2E20       _gi_close
 0002:2E42       _gi_setFunc
 0002:2EA6       _gi_setGroup
 0002:2EA8       _gi_shutdown
 0002:2EB8       _gi_counters
 0002:2EBA       _gi_transmit
 0002:2F26       _get_tx_request
 0002:2F2A       _bringup
 0002:2F32       _adap_init
 0002:3092       _open_adap
 0002:30FC       _gi_abortall
 0002:30FE       _srb_request
 0002:3126       _GetASB_ReturnCode
 0002:3136       __ticker
 0002:313D       __enableTicker
 0002:317D       __disableTicker
 0002:3194       __getTime
 0002:31AD       __initTime
 0002:31B8       _startInitCode
